/Applications/STM32CubeIDE.app/Contents/Eclipse/plugins/com.st.stm32cube.ide.mcu.externaltools.gnu-tools-for-stm32.11.3.rel1.macos64_1.1.100.202310310803/tools/arm-none-eabi/include/c++/11.3.1/arm-none-eabi/thumb/v7e-m+fp/hard/bits/gthr-default.h:229:1:int __gthread_key_delete(__gthread_key_t)	16	static
../Core/Src/main.cpp:62:6:void print(const char*)	24	static
../Core/Src/main.cpp:68:5:)	272	static
../Core/Src/main.cpp:87:5:int main()	8	static
../Core/Src/main.cpp:132:6:void SystemClock_Config()	96	static
../Core/Src/main.cpp:184:6:void Error_Handler()	4	static,ignoring_inline_asm
